==================================================
UTC Time : 2026-02-11 07:20:15
Local    : 2026-02-11 12:50:15
Context  : Crypto error in AuthController.Login
[#0] System.Security.Cryptography.CryptographicException
Message  : The input data is not a complete block.
Stack    :
   at System.Security.Cryptography.UniversalCryptoDecryptor.UncheckedTransformFinalBlock(ReadOnlySpan`1 inputBuffer, Span`1 outputBuffer)
   at System.Security.Cryptography.UniversalCryptoDecryptor.UncheckedTransformFinalBlock(Byte[] inputBuffer, Int32 inputOffset, Int32 inputCount)
   at HastaksharSewaAnalytics.Presentation.Helpers.AESEncrytDecry.DecryptAES(String cipherText, String key) in E:\TezPratap\HastaksharSewa V2.0_9_02_2026\HastaksharSewa Analytics\HastaksharSewaAnalytics.Presentation\Helpers\AESEncrytDecry.cs:line 42
   at HastaksharSewaAnalytics.Presentation.Controllers.AuthController.Login(LoginRequest req, CancellationToken ct) in E:\TezPratap\HastaksharSewa V2.0_9_02_2026\HastaksharSewa Analytics\HastaksharSewaAnalytics.Presentation\Controllers\AuthController.cs:line 85
==================================================
UTC Time : 2026-02-11 07:20:22
Local    : 2026-02-11 12:50:22
Context  : Crypto error in AuthController.Login
[#0] System.Security.Cryptography.CryptographicException
Message  : The input data is not a complete block.
Stack    :
   at System.Security.Cryptography.UniversalCryptoDecryptor.UncheckedTransformFinalBlock(ReadOnlySpan`1 inputBuffer, Span`1 outputBuffer)
   at System.Security.Cryptography.UniversalCryptoDecryptor.UncheckedTransformFinalBlock(Byte[] inputBuffer, Int32 inputOffset, Int32 inputCount)
   at HastaksharSewaAnalytics.Presentation.Helpers.AESEncrytDecry.DecryptAES(String cipherText, String key) in E:\TezPratap\HastaksharSewa V2.0_9_02_2026\HastaksharSewa Analytics\HastaksharSewaAnalytics.Presentation\Helpers\AESEncrytDecry.cs:line 42
   at HastaksharSewaAnalytics.Presentation.Controllers.AuthController.Login(LoginRequest req, CancellationToken ct) in E:\TezPratap\HastaksharSewa V2.0_9_02_2026\HastaksharSewa Analytics\HastaksharSewaAnalytics.Presentation\Controllers\AuthController.cs:line 85
==================================================
UTC Time : 2026-02-11 07:20:29
Local    : 2026-02-11 12:50:29
Context  : Crypto error in AuthController.Login
[#0] System.Security.Cryptography.CryptographicException
Message  : The input data is not a complete block.
Stack    :
   at System.Security.Cryptography.UniversalCryptoDecryptor.UncheckedTransformFinalBlock(ReadOnlySpan`1 inputBuffer, Span`1 outputBuffer)
   at System.Security.Cryptography.UniversalCryptoDecryptor.UncheckedTransformFinalBlock(Byte[] inputBuffer, Int32 inputOffset, Int32 inputCount)
   at HastaksharSewaAnalytics.Presentation.Helpers.AESEncrytDecry.DecryptAES(String cipherText, String key) in E:\TezPratap\HastaksharSewa V2.0_9_02_2026\HastaksharSewa Analytics\HastaksharSewaAnalytics.Presentation\Helpers\AESEncrytDecry.cs:line 42
   at HastaksharSewaAnalytics.Presentation.Controllers.AuthController.Login(LoginRequest req, CancellationToken ct) in E:\TezPratap\HastaksharSewa V2.0_9_02_2026\HastaksharSewa Analytics\HastaksharSewaAnalytics.Presentation\Controllers\AuthController.cs:line 85
==================================================
UTC Time : 2026-02-11 07:21:51
Local    : 2026-02-11 12:51:51
Context  : Crypto error in AuthController.Login
[#0] System.Security.Cryptography.CryptographicException
Message  : The input data is not a complete block.
Stack    :
   at System.Security.Cryptography.UniversalCryptoDecryptor.UncheckedTransformFinalBlock(ReadOnlySpan`1 inputBuffer, Span`1 outputBuffer)
   at System.Security.Cryptography.UniversalCryptoDecryptor.UncheckedTransformFinalBlock(Byte[] inputBuffer, Int32 inputOffset, Int32 inputCount)
   at HastaksharSewaAnalytics.Presentation.Helpers.AESEncrytDecry.DecryptAES(String cipherText, String key) in E:\TezPratap\HastaksharSewa V2.0_9_02_2026\HastaksharSewa Analytics\HastaksharSewaAnalytics.Presentation\Helpers\AESEncrytDecry.cs:line 42
   at HastaksharSewaAnalytics.Presentation.Controllers.AuthController.Login(LoginRequest req, CancellationToken ct) in E:\TezPratap\HastaksharSewa V2.0_9_02_2026\HastaksharSewa Analytics\HastaksharSewaAnalytics.Presentation\Controllers\AuthController.cs:line 85
==================================================
UTC Time : 2026-02-11 07:25:50
Local    : 2026-02-11 12:55:50
Context  : Crypto error in AuthController.Login
[#0] System.Security.Cryptography.CryptographicException
Message  : The input data is not a complete block.
Stack    :
   at System.Security.Cryptography.UniversalCryptoDecryptor.UncheckedTransformFinalBlock(ReadOnlySpan`1 inputBuffer, Span`1 outputBuffer)
   at System.Security.Cryptography.UniversalCryptoDecryptor.UncheckedTransformFinalBlock(Byte[] inputBuffer, Int32 inputOffset, Int32 inputCount)
   at HastaksharSewaAnalytics.Presentation.Helpers.AESEncrytDecry.DecryptAES(String cipherText, String key) in E:\TezPratap\HastaksharSewa V2.0_9_02_2026\HastaksharSewa Analytics\HastaksharSewaAnalytics.Presentation\Helpers\AESEncrytDecry.cs:line 42
   at HastaksharSewaAnalytics.Presentation.Controllers.AuthController.Login(LoginRequest req, CancellationToken ct) in E:\TezPratap\HastaksharSewa V2.0_9_02_2026\HastaksharSewa Analytics\HastaksharSewaAnalytics.Presentation\Controllers\AuthController.cs:line 85
==================================================
UTC Time : 2026-02-11 07:28:43
Local    : 2026-02-11 12:58:43
Context  : Crypto error in AuthController.Login
[#0] System.Security.Cryptography.CryptographicException
Message  : The input data is not a complete block.
Stack    :
   at System.Security.Cryptography.UniversalCryptoDecryptor.UncheckedTransformFinalBlock(ReadOnlySpan`1 inputBuffer, Span`1 outputBuffer)
   at System.Security.Cryptography.UniversalCryptoDecryptor.UncheckedTransformFinalBlock(Byte[] inputBuffer, Int32 inputOffset, Int32 inputCount)
   at HastaksharSewaAnalytics.Presentation.Helpers.AESEncrytDecry.DecryptAES(String cipherText, String key) in E:\TezPratap\HastaksharSewa V2.0_9_02_2026\HastaksharSewa Analytics\HastaksharSewaAnalytics.Presentation\Helpers\AESEncrytDecry.cs:line 42
   at HastaksharSewaAnalytics.Presentation.Controllers.AuthController.Login(LoginRequest req, CancellationToken ct) in E:\TezPratap\HastaksharSewa V2.0_9_02_2026\HastaksharSewa Analytics\HastaksharSewaAnalytics.Presentation\Controllers\AuthController.cs:line 85
==================================================
UTC Time : 2026-02-11 07:28:43
Local    : 2026-02-11 12:58:43
Context  : Crypto error in AuthController.Login
[#0] System.Security.Cryptography.CryptographicException
Message  : The input data is not a complete block.
Stack    :
   at System.Security.Cryptography.UniversalCryptoDecryptor.UncheckedTransformFinalBlock(ReadOnlySpan`1 inputBuffer, Span`1 outputBuffer)
   at System.Security.Cryptography.UniversalCryptoDecryptor.UncheckedTransformFinalBlock(Byte[] inputBuffer, Int32 inputOffset, Int32 inputCount)
   at HastaksharSewaAnalytics.Presentation.Helpers.AESEncrytDecry.DecryptAES(String cipherText, String key) in E:\TezPratap\HastaksharSewa V2.0_9_02_2026\HastaksharSewa Analytics\HastaksharSewaAnalytics.Presentation\Helpers\AESEncrytDecry.cs:line 42
   at HastaksharSewaAnalytics.Presentation.Controllers.AuthController.Login(LoginRequest req, CancellationToken ct) in E:\TezPratap\HastaksharSewa V2.0_9_02_2026\HastaksharSewa Analytics\HastaksharSewaAnalytics.Presentation\Controllers\AuthController.cs:line 85
